[themesdesign.in/jobcy-tailwind/layout/index.html]
[backblue.gif]
[fade.gif]
[index.html]
[themesdesign.in/jobcy-tailwind/layout/assets/images/favicon.ico]
[themesdesign.in/jobcy-tailwind/layout/assets/libs/choices.js/public/assets/styles/choices.min.css]
[themesdesign.in/jobcy-tailwind/layout/assets/libs/swiper/swiper-bundle.min.css]
[themesdesign.in/jobcy-tailwind/layout/assets/css/icons.css]
[themesdesign.in/jobcy-tailwind/layout/assets/css/tailwind.css]
[themesdesign.in/jobcy-tailwind/layout/sign-in.html]
[themesdesign.in/jobcy-tailwind/layout/assets/images/flags/us.jpg]
[themesdesign.in/jobcy-tailwind/layout/assets/images/flags/spain.jpg]
[themesdesign.in/jobcy-tailwind/layout/assets/images/flags/germany.jpg]
[themesdesign.in/jobcy-tailwind/layout/assets/images/flags/italy.jpg]
[themesdesign.in/jobcy-tailwind/layout/assets/images/logo-dark.png]
[themesdesign.in/jobcy-tailwind/layout/assets/images/logo-light.png]
[themesdesign.in/jobcy-tailwind/layout/assets/images/user/img-01.jpg]
[themesdesign.in/jobcy-tailwind/layout/assets/images/featured-job/img-04.png]
[themesdesign.in/jobcy-tailwind/layout/assets/images/user/img-02.jpg]
[themesdesign.in/jobcy-tailwind/layout/assets/images/featured-job/img-01.png]
[themesdesign.in/jobcy-tailwind/layout/manage-jobs.html]
[themesdesign.in/jobcy-tailwind/layout/bookmark-jobs.html]
[themesdesign.in/jobcy-tailwind/layout/profile.html]
[themesdesign.in/jobcy-tailwind/layout/sign-out.html]
[themesdesign.in/jobcy-tailwind/layout/index-2.html]
[themesdesign.in/jobcy-tailwind/layout/index-3.html]
[themesdesign.in/jobcy-tailwind/layout/about.html]
[themesdesign.in/jobcy-tailwind/layout/services.html]
[themesdesign.in/jobcy-tailwind/layout/team.html]
[themesdesign.in/jobcy-tailwind/layout/pricing.html]
[themesdesign.in/jobcy-tailwind/layout/privacy-policy.html]
[themesdesign.in/jobcy-tailwind/layout/faqs.html]
[themesdesign.in/jobcy-tailwind/layout/job-list.html]
[themesdesign.in/jobcy-tailwind/layout/job-list-2.html]
[themesdesign.in/jobcy-tailwind/layout/job-grid.html]
[themesdesign.in/jobcy-tailwind/layout/job-grid-2.html]
[themesdesign.in/jobcy-tailwind/layout/job-details.html]
[themesdesign.in/jobcy-tailwind/layout/job-categories.html]
[themesdesign.in/jobcy-tailwind/layout/candidate-list.html]
[themesdesign.in/jobcy-tailwind/layout/candidate-grid.html]
[themesdesign.in/jobcy-tailwind/layout/candidate-details.html]
[themesdesign.in/jobcy-tailwind/layout/company-list.html]
[themesdesign.in/jobcy-tailwind/layout/company-details.html]
[themesdesign.in/jobcy-tailwind/layout/sign-up.html]
[themesdesign.in/jobcy-tailwind/layout/reset-password.html]
[themesdesign.in/jobcy-tailwind/layout/coming-soon.html]
[themesdesign.in/jobcy-tailwind/layout/404-error.html]
[themesdesign.in/jobcy-tailwind/layout/components.html]
[themesdesign.in/jobcy-tailwind/layout/blog.html]
[themesdesign.in/jobcy-tailwind/layout/blog-grid.html]
[themesdesign.in/jobcy-tailwind/layout/blog-modern.html]
[themesdesign.in/jobcy-tailwind/layout/blog-masonry.html]
[themesdesign.in/jobcy-tailwind/layout/blog-details.html]
[themesdesign.in/jobcy-tailwind/layout/blog-author.html]
[themesdesign.in/jobcy-tailwind/layout/contact.html]
[themesdesign.in/jobcy-tailwind/layout/assets/images/process-02.png]
[themesdesign.in/jobcy-tailwind/layout/assets/images/bg-shape.png]
[themesdesign.in/jobcy-tailwind/layout/assets/images/bg-shape-dark.png]
[themesdesign.in/jobcy-tailwind/layout/assets/images/featured-job/img-02.png]
[themesdesign.in/jobcy-tailwind/layout/assets/images/featured-job/img-03.png]
[themesdesign.in/jobcy-tailwind/layout/assets/images/process-01.png]
[themesdesign.in/jobcy-tailwind/layout/assets/images/process-03.png]
[themesdesign.in/jobcy-tailwind/layout/assets/images/blog/img-01.jpg]
[themesdesign.in/jobcy-tailwind/layout/assets/images/blog/img-02.jpg]
[themesdesign.in/jobcy-tailwind/layout/assets/images/blog/img-03.jpg]
[themesdesign.in/jobcy-tailwind/layout/assets/images/logo/logo-01.png]
[themesdesign.in/jobcy-tailwind/layout/assets/images/logo/logo-02.png]
[themesdesign.in/jobcy-tailwind/layout/assets/images/logo/logo-03.png]
[themesdesign.in/jobcy-tailwind/layout/assets/images/logo/logo-04.png]
[themesdesign.in/jobcy-tailwind/layout/assets/images/logo/logo-05.png]
[themesdesign.in/jobcy-tailwind/layout/assets/images/logo/logo-06.png]
[themesdesign.in/jobcy-tailwind/layout/assets/images/subscribe.png]
[unicons.iconscout.com/release/v4.0.0/script/monochrome/bundle.js]
[themesdesign.in/jobcy-tailwind/layout/assets/libs/@popperjs/core/umd/popper.min.js]
[themesdesign.in/jobcy-tailwind/layout/assets/libs/simplebar/simplebar.min.js]
[themesdesign.in/jobcy-tailwind/layout/assets/js/pages/switcher.js]
[themesdesign.in/jobcy-tailwind/layout/assets/libs/choices.js/public/assets/scripts/choices.min.js]
[themesdesign.in/jobcy-tailwind/layout/assets/js/pages/job-list.init.js]
[themesdesign.in/jobcy-tailwind/layout/assets/js/pages/dropdown&modal.init.js]
[themesdesign.in/jobcy-tailwind/layout/assets/libs/swiper/swiper-bundle.min.js]
[themesdesign.in/jobcy-tailwind/layout/assets/js/pages/swiper.init.js]
[themesdesign.in/jobcy-tailwind/layout/assets/js/pages/nav&tabs.js]
[themesdesign.in/jobcy-tailwind/layout/assets/js/app.js]
[themesdesign.in/jobcy-tailwind/layout/index.html]
[themesdesign.in/jobcy-tailwind/layout/assets/libs/choices.js/public/assets/styles/choices.min.css]
[themesdesign.in/jobcy-tailwind/layout/assets/libs/swiper/swiper-bundle.min.css]
[unicons.iconscout.com/release/v3.0.0/css/line.css]
[themesdesign.in/jobcy-tailwind/layout/assets/fonts/fa-brands-400.ttf]
[themesdesign.in/jobcy-tailwind/layout/assets/fonts/fa-regular-400.ttf]
[themesdesign.in/jobcy-tailwind/layout/assets/fonts/fa-solid-900.ttf]
[themesdesign.in/jobcy-tailwind/layout/assets/fonts/materialdesignicons-webfont3ba9.eot]
[themesdesign.in/jobcy-tailwind/layout/assets/fonts/materialdesignicons-webfontd41d.eot]
[themesdesign.in/jobcy-tailwind/layout/assets/fonts/materialdesignicons-webfont3ba9.woff]
[themesdesign.in/jobcy-tailwind/layout/assets/fonts/materialdesignicons-webfont3ba9.ttf]
[themesdesign.in/jobcy-tailwind/layout/assets/fonts/dripicons-v2.eot]
[themesdesign.in/jobcy-tailwind/layout/assets/fonts/dripicons-v2d41d.eot]
[themesdesign.in/jobcy-tailwind/layout/assets/fonts/dripicons-v2.woff]
[themesdesign.in/jobcy-tailwind/layout/assets/fonts/dripicons-v2.ttf]
[themesdesign.in/jobcy-tailwind/layout/assets/fonts/boxicons.eot]
[themesdesign.in/jobcy-tailwind/layout/assets/fonts/boxicons.woff]
[themesdesign.in/jobcy-tailwind/layout/assets/fonts/boxicons.ttf]
[themesdesign.in/jobcy-tailwind/layout/assets/css/icons.css]
[themesdesign.in/jobcy-tailwind/layout/assets/images/home/img-01.png]
[themesdesign.in/jobcy-tailwind/layout/assets/images/home/page-title.png]
[themesdesign.in/jobcy-tailwind/layout/assets/css/tailwind.css]
[themesdesign.in/jobcy-tailwind/layout/assets/images/auth/sign-in.png]
[themesdesign.in/jobcy-tailwind/layout/sign-in.html]
[themesdesign.in/jobcy-tailwind/layout/assets/images/about/shape.png]
[themesdesign.in/jobcy-tailwind/layout/assets/images/about/shape-dark.png]
[themesdesign.in/jobcy-tailwind/layout/assets/images/featured-job/img-05.png]
[themesdesign.in/jobcy-tailwind/layout/assets/images/featured-job/img-06.png]
[themesdesign.in/jobcy-tailwind/layout/assets/js/pages/candidate.init.js]
[themesdesign.in/jobcy-tailwind/layout/manage-jobs.html]
[themesdesign.in/jobcy-tailwind/layout/bookmark-jobs.html]
[themesdesign.in/jobcy-tailwind/layout/assets/images/profile.jpg]
[themesdesign.in/jobcy-tailwind/layout/profile.html]
[themesdesign.in/jobcy-tailwind/layout/sign-out.html]
[themesdesign.in/jobcy-tailwind/layout/index-2.html]
[themesdesign.in/jobcy-tailwind/layout/assets/images/home/img-02.png]
[themesdesign.in/jobcy-tailwind/layout/assets/images/home/img-03.png]
[themesdesign.in/jobcy-tailwind/layout/assets/images/home/img-04.png]
[themesdesign.in/jobcy-tailwind/layout/index-3.html]
[themesdesign.in/jobcy-tailwind/layout/assets/images/about/img-01.jpg]
[themesdesign.in/jobcy-tailwind/layout/assets/images/about/img-02.jpg]
[themesdesign.in/jobcy-tailwind/layout/assets/images/about/img-03.jpg]
[themesdesign.in/jobcy-tailwind/layout/assets/images/about/img-04.jpg]
[themesdesign.in/jobcy-tailwind/layout/assets/images/about/img-05.jpg]
[themesdesign.in/jobcy-tailwind/layout/assets/js/pages/counter.init.js]
[themesdesign.in/jobcy-tailwind/layout/about.html]
[themesdesign.in/jobcy-tailwind/layout/services.html]
[themesdesign.in/jobcy-tailwind/layout/assets/images/user/img-03.jpg]
[themesdesign.in/jobcy-tailwind/layout/assets/images/user/img-08.jpg]
[themesdesign.in/jobcy-tailwind/layout/assets/images/user/img-07.jpg]
[themesdesign.in/jobcy-tailwind/layout/assets/images/user/img-04.jpg]
[themesdesign.in/jobcy-tailwind/layout/assets/images/user/img-06.jpg]
[themesdesign.in/jobcy-tailwind/layout/assets/images/user/img-10.jpg]
[themesdesign.in/jobcy-tailwind/layout/assets/images/user/img-11.jpg]
[themesdesign.in/jobcy-tailwind/layout/team.html]
[themesdesign.in/jobcy-tailwind/layout/pricing.html]
[themesdesign.in/jobcy-tailwind/layout/privacy-policy.html]
[themesdesign.in/jobcy-tailwind/layout/faqs.html]
[themesdesign.in/jobcy-tailwind/layout/assets/libs/nouislider/nouislider.min.css]
[themesdesign.in/jobcy-tailwind/layout/assets/images/featured-job/img-07.png]
[themesdesign.in/jobcy-tailwind/layout/assets/libs/nouislider/nouislider.min.js]
[themesdesign.in/jobcy-tailwind/layout/assets/js/pages/area-filter-range.init.js]
[themesdesign.in/jobcy-tailwind/layout/job-list.html]
[themesdesign.in/jobcy-tailwind/layout/assets/images/featured-job/img-08.png]
[themesdesign.in/jobcy-tailwind/layout/job-list-2.html]
[themesdesign.in/jobcy-tailwind/layout/assets/js/pages/job-grid.init.js]
[themesdesign.in/jobcy-tailwind/layout/job-grid.html]
[themesdesign.in/jobcy-tailwind/layout/assets/images/featured-job/img-09.png]
[themesdesign.in/jobcy-tailwind/layout/job-grid-2.html]
[themesdesign.in/jobcy-tailwind/layout/assets/images/job-detail.jpg]
[themesdesign.in/jobcy-tailwind/layout/assets/images/featured-job/img-10.png]
[themesdesign.in/jobcy-tailwind/layout/job-details.html]
[themesdesign.in/jobcy-tailwind/layout/job-categories.html]
[themesdesign.in/jobcy-tailwind/layout/assets/images/user/img-05.jpg]
[themesdesign.in/jobcy-tailwind/layout/candidate-list.html]
[themesdesign.in/jobcy-tailwind/layout/candidate-grid.html]
[themesdesign.in/jobcy-tailwind/layout/assets/libs/glightbox/css/glightbox.min.css]
[themesdesign.in/jobcy-tailwind/layout/assets/libs/glightbox/js/glightbox.min.js]
[themesdesign.in/jobcy-tailwind/layout/assets/js/pages/lightbox.init.js]
[themesdesign.in/jobcy-tailwind/layout/candidate-details.html]
[themesdesign.in/jobcy-tailwind/layout/company-list.html]
[themesdesign.in/jobcy-tailwind/layout/assets/images/blog/img-12.jpg]
[themesdesign.in/jobcy-tailwind/layout/company-details.html]
[themesdesign.in/jobcy-tailwind/layout/assets/images/auth/sign-up.png]
[themesdesign.in/jobcy-tailwind/layout/sign-up.html]
[themesdesign.in/jobcy-tailwind/layout/assets/images/auth/reset-password.png]
[themesdesign.in/jobcy-tailwind/layout/reset-password.html]
[themesdesign.in/jobcy-tailwind/layout/assets/images/animat-rocket-color.gif]
[themesdesign.in/jobcy-tailwind/layout/assets/js/pages/coming-soon.init.js]
[themesdesign.in/jobcy-tailwind/layout/coming-soon.html]
[themesdesign.in/jobcy-tailwind/layout/assets/images/404.png]
[themesdesign.in/jobcy-tailwind/layout/404-error.html]
[themesdesign.in/jobcy-tailwind/layout/assets/js/pages/alerts.js]
[themesdesign.in/jobcy-tailwind/layout/components.html]
[themesdesign.in/jobcy-tailwind/layout/assets/images/blog/img-04.jpg]
[themesdesign.in/jobcy-tailwind/layout/assets/images/blog/img-06.jpg]
[themesdesign.in/jobcy-tailwind/layout/assets/images/blog/img-05.jpg]
[themesdesign.in/jobcy-tailwind/layout/assets/images/blog/img-07.jpg]
[themesdesign.in/jobcy-tailwind/layout/assets/images/blog/img-08.jpg]
[themesdesign.in/jobcy-tailwind/layout/assets/images/blog/img-09.jpg]
[themesdesign.in/jobcy-tailwind/layout/assets/images/blog/img-10.jpg]
[themesdesign.in/jobcy-tailwind/layout/blog.html]
[themesdesign.in/jobcy-tailwind/layout/blog-grid.html]
[themesdesign.in/jobcy-tailwind/layout/assets/images/blog/img-11.jpg]
[themesdesign.in/jobcy-tailwind/layout/assets/images/blog/img-13.jpg]
[themesdesign.in/jobcy-tailwind/layout/blog-modern.html]
[themesdesign.in/jobcy-tailwind/layout/assets/images/user/img-09.jpg]
[themesdesign.in/jobcy-tailwind/layout/blog-masonry.html]
[themesdesign.in/jobcy-tailwind/layout/assets/libs/masonry-layout/masonry.pkgd.min.js]
[themesdesign.in/jobcy-tailwind/layout/assets/images/blog/img-14.jpg]
[themesdesign.in/jobcy-tailwind/layout/assets/images/blog/img-15.jpg]
[themesdesign.in/jobcy-tailwind/layout/assets/js/pages/blog-details.init.js]
[themesdesign.in/jobcy-tailwind/layout/blog-details.html]
[themesdesign.in/jobcy-tailwind/layout/blog-author.html]
[themesdesign.in/jobcy-tailwind/layout/assets/images/contact.png]
[themesdesign.in/jobcy-tailwind/layout/contact.html]
[themesdesign.in/jobcy-tailwind/layout/assets/images/logo/mailchimp.svg]
[themesdesign.in/jobcy-tailwind/layout/assets/images/logo/wordpress.svg]
[themesdesign.in/jobcy-tailwind/layout/assets/images/logo/instagram.html]
[unicons.iconscout.com/release/v3.0.0/css/line.css]
[themesdesign.in/jobcy-tailwind/layout/assets/fonts/fa-brands-400.html]
[themesdesign.in/jobcy-tailwind/layout/assets/fonts/fa-regular-400.html]
[themesdesign.in/jobcy-tailwind/layout/assets/fonts/fa-solid-900.html]
[themesdesign.in/jobcy-tailwind/layout/assets/fonts/fa-v4compatibility.html]
[themesdesign.in/jobcy-tailwind/layout/assets/fonts/fa-v4compatibility-2.html]
[themesdesign.in/jobcy-tailwind/layout/assets/fonts/la-brands-400.html]
[themesdesign.in/jobcy-tailwind/layout/assets/fonts/la-brands-400d41d.html]
[themesdesign.in/jobcy-tailwind/layout/assets/fonts/la-brands-401.html]
[themesdesign.in/jobcy-tailwind/layout/assets/fonts/la-brands-402.html]
[themesdesign.in/jobcy-tailwind/layout/assets/fonts/la-brands-403.html]
[themesdesign.in/jobcy-tailwind/layout/assets/fonts/la-brands-404.html]
[themesdesign.in/jobcy-tailwind/layout/assets/fonts/la-regular-400.html]
[themesdesign.in/jobcy-tailwind/layout/assets/fonts/la-regular-400d41d.html]
[themesdesign.in/jobcy-tailwind/layout/assets/fonts/la-regular-401.html]
[themesdesign.in/jobcy-tailwind/layout/assets/fonts/la-regular-402.html]
[themesdesign.in/jobcy-tailwind/layout/assets/fonts/la-regular-403.html]
[themesdesign.in/jobcy-tailwind/layout/assets/fonts/la-regular-404.html]
[themesdesign.in/jobcy-tailwind/layout/assets/fonts/la-solid-900.html]
[themesdesign.in/jobcy-tailwind/layout/assets/fonts/la-solid-900d41d.html]
[themesdesign.in/jobcy-tailwind/layout/assets/fonts/la-solid-901.html]
[themesdesign.in/jobcy-tailwind/layout/assets/fonts/la-solid-902.html]
[themesdesign.in/jobcy-tailwind/layout/assets/fonts/la-solid-903.html]
[themesdesign.in/jobcy-tailwind/layout/assets/fonts/la-solid-904.html]
[themesdesign.in/jobcy-tailwind/layout/assets/fonts/materialdesignicons-webfont3ba9.html]
[themesdesign.in/jobcy-tailwind/layout/assets/fonts/dripicons-v2.svg]
[themesdesign.in/jobcy-tailwind/layout/assets/fonts/boxicons.html]
[themesdesign.in/jobcy-tailwind/layout/assets/fonts/boxiconsd41d.svg]
[themesdesign.in/jobcy-tailwind/layout/assets/images/bg-counter.svg]
[themesdesign.in/jobcy-tailwind/images/home/page-title.html]
[themesdesign.in/jobcy-tailwind/layout/manage-jobs-post.html]
[themesdesign.in/jobcy-tailwind/layout/assets/images/dark-logo.html]
[themesdesign.in/jobcy-tailwind/images/home/img-01.html]
[themesdesign.in/jobcy-tailwind/layout/assets/libs/nouislider/nouislider.min.css]
[themesdesign.in/jobcy-tailwind/layout/assets/libs/glightbox/css/glightbox.min.css]
